[INFO] - ============================================================
[INFO] - RUN COMPLETE — id: 0609_115234
[INFO] - Time Integration: Second Order Implicit Euler
[INFO] - Simulation mode: dns
[INFO] - ----------------------------------------
[INFO] -   domain_timespan                1
[INFO] -   domain_length                  1
[INFO] -   dt                             1.2500e-03
[INFO] -   n_time_steps                   800
[INFO] -   viscosity                      1.0000e-02
[INFO] -   n_nodes                        576
[INFO] -   n_elements                     575
[INFO] -   element_size                   1.7391e-03
[INFO] -   boundary_condition_type        dirichlet
[INFO] -   boundary_condition_value       0.0
[INFO] -   max_iterations                 50
[INFO] -   snapshot_factor                1
[INFO] -   requested_snapshots            801 snapshots, first 5: [0.0, 0.0013, 0.0025, 0.0037, 0.005]
[INFO] -   forcing                        uniform_steady_forcing (from problems_and_configurations.forcings)
[INFO] -   forcing_is_steady              True
[INFO] -   problem_name                   raj_one
[INFO] - ----------------------------------------
[INFO] -   elemental_iterations      138.8187s ( 43.6%)
[INFO] -   global_assembly           3.9420s (  1.2%)
[INFO] -   linear_solve              169.1401s ( 53.1%)
[INFO] -   TOTAL                     318.4683s
[INFO] - ============================================================
