[INFO] - ============================================================
[INFO] - START OUTPUT
[INFO] - ------------------------------------------------------------
[INFO] - Run started at 2026-05-07 15:36:58
[INFO] - ------------------------------------------------------------
[INFO] - RUN COMPLETE — id: 0507_153657
[INFO] - ============================================================
[INFO] - ------------------------------------------------------------
[INFO] - Configuration settings:
[INFO] -   Time Integration: Second Order Implicit Euler
[INFO] -   ----------------------------------------
[INFO] -   Parameter                      Value
[INFO] -   ----------------------------------------
[INFO] -   simulation_type                dns
[INFO] -   objective                      code test
[INFO] -   boundary_conditions            fixed
[INFO] -   time_extractions               2
[INFO] -   node_amount                    512
[INFO] -   time                           0.5
[INFO] -   time_step                      0.05
[INFO] -   length                         1
[INFO] -   convergence_tol_residual       0.0
[INFO] -   convergence_tol_update         0.0
[INFO] -   forcing                        None
[INFO] -   max_iterations                 20
[INFO] -   relax                          None
[INFO] -   viscosity                      1
[INFO] -   ----------------------------------------
[INFO] - ------------------------------------------------------------
[INFO] - Timings:
[INFO] -   boundary_conditions       0.0001s (  0.0%)
[INFO] -   convergence_checking      0.0001s (  0.0%)
[INFO] -   elemental_iterations      0.7105s ( 74.5%)
[INFO] -   global_assembly           0.0192s (  2.0%)
[INFO] -   linear_solve              0.1556s ( 16.3%)
[INFO] -   solution_update           0.0001s (  0.0%)
[INFO] -   TOTAL                     0.9534s
[INFO] - ------------------------------------------------------------
[INFO] - Convergence summary:
[INFO] -   Residual  — initial: 0.0000e+00  final: 0.0000e+00  max: 0.0000e+00
[INFO] -   Update    — initial: 0.0000e+00  final: 0.0000e+00  max: 0.0000e+00
[INFO] -   Status    — CONVERGED
[INFO] -   Total NR iterations: 10
[INFO] - ------------------------------------------------------------
[INFO] - END OUTPUT
[INFO] - ============================================================
