[INFO] - ============================================================
[INFO] - RUN COMPLETE — id: 0901_145132
[INFO] - Time Integration: Second Order Implicit Euler
[INFO] - Simulation mode: dns
[INFO] - ----------------------------------------
[INFO] -   domain_timespan                1
[INFO] -   domain_length                  1
[INFO] -   dt                             6.2500e-02
[INFO] -   n_time_steps                   16
[INFO] -   viscosity                      1.0000e-02
[INFO] -   n_nodes                        544
[INFO] -   n_elements                     543
[INFO] -   element_size                   1.8416e-03
[INFO] -   boundary_condition_type        dirichlet
[INFO] -   boundary_condition_value       1.0
[INFO] -   max_iterations                 20
[INFO] -   snapshot_factor                1
[INFO] -   requested_snapshots            17 snapshots, first 5: [0.0, 0.0625, 0.125, 0.1875, 0.25]
[INFO] -   forcing                        uniform_steady_forcing (from setup.forcings)
[INFO] -   forcing_is_steady              True
[INFO] -   problem_name                   raj_three
[INFO] - ----------------------------------------
[INFO] -   TOTAL                     4.3016s
[INFO] - ============================================================
