[INFO] - ============================================================
[INFO] - RUN COMPLETE — id: 0901_145009
[INFO] - Time Integration: Second Order Implicit Euler
[INFO] - Simulation mode: dns
[INFO] - ----------------------------------------
[INFO] -   domain_timespan                1
[INFO] -   domain_length                  1
[INFO] -   dt                             1.2500e-02
[INFO] -   n_time_steps                   80
[INFO] -   viscosity                      1.0000e-02
[INFO] -   n_nodes                        288
[INFO] -   n_elements                     287
[INFO] -   element_size                   3.4843e-03
[INFO] -   boundary_condition_type        dirichlet
[INFO] -   boundary_condition_value       0.0
[INFO] -   max_iterations                 20
[INFO] -   snapshot_factor                1
[INFO] -   requested_snapshots            81 snapshots, first 5: [0.0, 0.0125, 0.025, 0.0375, 0.05]
[INFO] -   forcing                        uniform_steady_forcing (from setup.forcings)
[INFO] -   forcing_is_steady              True
[INFO] -   problem_name                   raj_one
[INFO] - ----------------------------------------
[INFO] -   TOTAL                     12.3894s
[INFO] - ============================================================
