[INFO] - ============================================================
[INFO] - RUN COMPLETE — id: 0623_095806
[INFO] - Time Integration: Second Order Implicit Euler
[INFO] - Simulation mode: dns
[INFO] - ----------------------------------------
[INFO] -   domain_timespan                0.3
[INFO] -   domain_length                  1
[INFO] -   dt                             1.2500e-02
[INFO] -   n_time_steps                   24
[INFO] -   viscosity                      5.0000e-02
[INFO] -   n_nodes                        288
[INFO] -   n_elements                     287
[INFO] -   element_size                   3.4843e-03
[INFO] -   boundary_condition_type        fixed
[INFO] -   boundary_condition_value       1.0
[INFO] -   max_iterations                 50
[INFO] -   snapshot_factor                1
[INFO] -   requested_snapshots            25 snapshots, first 5: [0.5, 0.5125, 0.525, 0.5375, 0.55]
[INFO] -   forcing                        uniform_steady_forcing (from problems_and_configurations.forcings)
[INFO] -   forcing_is_steady              True
[INFO] -   problem_name                   pipeline_test
[INFO] - ----------------------------------------
[INFO] -   elemental_iterations      2.3484s ( 73.5%)
[INFO] -   global_assembly           0.0436s (  1.4%)
[INFO] -   linear_solve              0.6952s ( 21.7%)
[INFO] -   TOTAL                     3.1962s
[INFO] - ============================================================
