[INFO] - ============================================================
[INFO] - RUN COMPLETE — id: 0623_095751
[INFO] - Time Integration: Second Order Implicit Euler
[INFO] - Simulation mode: dns
[INFO] - ----------------------------------------
[INFO] -   domain_timespan                0.5
[INFO] -   domain_length                  1
[INFO] -   dt                             1.2500e-02
[INFO] -   n_time_steps                   40
[INFO] -   viscosity                      5.0000e-02
[INFO] -   n_nodes                        288
[INFO] -   n_elements                     287
[INFO] -   element_size                   3.4843e-03
[INFO] -   boundary_condition_type        fixed
[INFO] -   boundary_condition_value       1.0
[INFO] -   max_iterations                 50
[INFO] -   snapshot_factor                1
[INFO] -   requested_snapshots            41 snapshots, first 5: [0.0, 0.0125, 0.025, 0.0375, 0.05]
[INFO] -   forcing                        uniform_steady_forcing (from problems_and_configurations.forcings)
[INFO] -   forcing_is_steady              True
[INFO] -   problem_name                   pipeline_test
[INFO] - ----------------------------------------
[INFO] -   elemental_iterations      4.4575s ( 72.9%)
[INFO] -   global_assembly           0.0823s (  1.3%)
[INFO] -   linear_solve              1.4160s ( 23.2%)
[INFO] -   TOTAL                     6.1149s
[INFO] - ============================================================
